// Vitest Snapshot v1, https://vitest.dev/guide/snapshot.html

exports[`ToastProvider snapshots > renders a toast 1`] = `
<DocumentFragment>
  <div
    class="fixed top-4 right-4 z-[1000] space-y-2"
  >
    <div
      class="pointer-events-auto max-w-sm w-80 rounded-lg shadow-lg border p-3 bg-white/95 backdrop-blur-sm flex items-start space-x-2 border-green-200"
    >
      <div
        class="text-lg mt-0.5"
      >
        ✅
      </div>
      <div
        class="flex-1"
      >
        <div
          class="text-sm font-medium text-gray-900"
        >
          Saved
        </div>
        <div
          class="text-xs text-gray-600 mt-0.5"
        >
          Post saved successfully
        </div>
      </div>
      <button
        class="text-xs text-gray-500 hover:text-gray-700"
      >
        ✕
      </button>
    </div>
  </div>
</DocumentFragment>
`;
